esptool v5.4.0
Image size: 664608 bytes

ESP32 Image Header
==================
Image version: 1
Entry point: 0x40081328
Segments: 6
Flash size: 2MB
Flash freq: 40m
Flash mode: DIO

ESP32 Extended Image Header
===========================
WP pin: 0xee (disabled)
Flash pins drive settings: clk_drv: 0x0, q_drv: 0x0, d_drv: 0x0, cs0_drv: 0x0, hd_drv: 0x0, wp_drv: 0x0
Chip ID: 0 (ESP32)
Minimal chip revision: v0.0, (legacy min_rev = 0)
Maximal chip revision: v3.99

Segments Information
====================
Segment   Length   Load addr   File offs  Memory types
-------  -------  ----------  ----------  ------------
      0  0x1555c  0x3f400020  0x00000018  DROM
      1  0x03ba8  0x3ffb0000  0x0001557c  BYTE_ACCESSIBLE, DRAM
      2  0x06ee4  0x40080000  0x0001912c  IRAM
      3  0x7acf4  0x400d0020  0x00020018  IROM
      4  0x076a4  0x40086ee4  0x0009ad14  IRAM
      5  0x00028  0x50000000  0x000a23c0  RTC_DATA

ESP32 Image Footer
==================
Checksum: 0x9e (valid)
Validation hash: 6cd3214217401b11a0bbd2535798351cddcb8f67e523e426162f989733efe600 (valid)

Application Information
=======================
Project name: esp_sdr
App version: 550fade-uart921600
Compile time: Oct  1 2026 17:22:50
ELF file SHA256: 36cbb39a559efdb24847bc3a110a30605d869d9b1cfe7fcaaee14e27ab7897ea
ESP-IDF: 25fe69f9
Minimal eFuse block revision: 0.0
Maximal eFuse block revision: 0.99
MMU page size: 64 KB
Secure version: 0
