esptool v5.3.1
Serial port /dev/serial/by-id/usb-Silicon_Labs_CP2102_USB_to_UART_Bridge_Controller_0001-if00-port0:
Connecting....
Connected to ESP32 on /dev/serial/by-id/usb-Silicon_Labs_CP2102_USB_to_UART_Bridge_Controller_0001-if00-port0:
Chip type:          ESP32-D0WD-V3 (revision v3.1)
Features:           Wi-Fi, BT, Dual Core + LP Core, 240MHz, Vref calibration in eFuse, Coding Scheme None
Crystal frequency:  40MHz
MAC:                [redacted device address]

Uploading stub flasher...
Running stub flasher...
Stub flasher running.
Changing baud rate to 460800...
Changed.

Configuring flash size...

Writing 'ARTIFACT_DIRECTORY/esp32/0-bootloader.bin' at 0x00001000...
SHA digest in image updated.
Flash will be erased from 0x00001000 to 0x00007fff...
Compressed 25792 bytes to 16361...
Wrote 25792 bytes (16361 compressed) at 0x00001000 in 1.0 seconds (215.6 kbit/s).
Verifying written data...
Hash of data verified.

Writing 'ARTIFACT_DIRECTORY/esp32/1-partition-table.bin' at 0x00008000...
Flash will be erased from 0x00008000 to 0x00008fff...
Compressed 3072 bytes to 103...
Wrote 3072 bytes (103 compressed) at 0x00008000 in 0.1 seconds (285.6 kbit/s).
Verifying written data...
Hash of data verified.

Writing 'ARTIFACT_DIRECTORY/esp32/2-esp_sdr.bin' at 0x00010000...
Flash will be erased from 0x00010000 to 0x000b2fff...
Compressed 664608 bytes to 455123...
Wrote 664608 bytes (455123 compressed) at 0x00010000 in 10.7 seconds (497.5 kbit/s).
Verifying written data...
Hash of data verified.

Hard resetting via RTS pin...
