Found 1 device(s):
  0:  RTLSDRBlog, Blog V4, SN: [redacted]

Using device 0: Generic RTL2832U OEM
Found Rafael Micro R828D tuner
RTL-SDR Blog V4 Detected
Supported gain values (29): 0.0 0.9 1.4 2.7 3.7 7.7 8.7 12.5 14.4 15.7 16.6 19.7 20.7 22.9 25.4 28.0 29.7 32.8 33.8 36.4 37.2 38.6 40.2 42.1 43.4 43.9 44.5 48.0 49.6 
Sampling at 2048000 S/s.
Reporting PPM error measurement every 10 seconds...
Press ^C after a few minutes.
Reading samples in async mode...
lost at least 80 bytes
real sample rate: 2047624 current PPM: -184 cumulative PPM: -184
real sample rate: 2048319 current PPM: 156 cumulative PPM: -9
real sample rate: 2048056 current PPM: 27 cumulative PPM: 3
real sample rate: 2048011 current PPM: 6 cumulative PPM: 4
real sample rate: 2047773 current PPM: -111 cumulative PPM: -19
real sample rate: 2048228 current PPM: 112 cumulative PPM: 3
Signal caught, exiting!

User cancel, exiting...
Samples per million lost (minimum): 0
