ets Jul 29 2019 12:21:46

rst:0x1 (POWERON_RESET),boot:0x13 (SPI_FAST_FLASH_BOOT)
configsip: 0, SPIWP:0xee
clk_drv:0x00,q_drv:0x00,d_drv:0x00,cs0_drv:0x00,hd_drv:0x00,wp_drv:0x00
mode:DIO, clock div:2
load:0x3fff0030,len:6276
load:0x40078000,len:15716
load:0x40080400,len:4
ho 8 tail 4 room 4
load:0x40080404,len:3860
entry 0x4008063c
I (31) boot: ESP-IDF v5.4-dirty 2nd stage bootloader
I (31) boot: compile time Sep  8 2026 13:19:49
I (31) boot: Multicore bootloader
I (33) boot: chip revision: v3.1
I (36) boot.esp32: SPI Speed      : 40MHz
I (39) boot.esp32: SPI Mode       : DIO
I (43) boot.esp32: SPI Flash Size : 2MB
I (47) boot: Enabling RNG early entropy source...
I (51) boot: Partition Table:
I (54) boot: ## Label            Usage          Type ST Offset   Length
I (60) boot:  0 nvs              WiFi data        01 02 00009000 00006000
I (66) boot:  1 phy_init         RF data          01 01 0000f000 00001000
I (73) boot:  2 factory          factory app      00 00 00010000 00100000
I (80) boot: End of partition table
I (83) esp_image: segment 0: paddr=00010020 vaddr=3f400020 size=0a39ch ( 41884) map
I (105) esp_image: segment 1: paddr=0001a3c4 vaddr=3ff80000 size=0001ch (    28) load
I (105) esp_image: segment 2: paddr=0001a3e8 vaddr=3ffb0000 size=023d4h (  9172) load
I (112) esp_image: segment 3: paddr=0001c7c4 vaddr=40080000 size=03854h ( 14420) load
I (122) esp_image: segment 4: paddr=00020020 vaddr=400d0020 size=144c8h ( 83144) map
I (152) esp_image: segment 5: paddr=000344f0 vaddr=40083854 size=09378h ( 37752) load
I (173) boot: Loaded app from partition at offset 0x10000
I (173) boot: Disabling RNG early entropy source...
I (183) cpu_start: Multicore app
I (192) cpu_start: Pro cpu start user code
I (192) cpu_start: cpu freq: 160000000 Hz
I (192) app_init: Application information:
I (195) app_init: Project name:     hello_world
I (200) app_init: App version:      8b73cb1-dirty
I (205) app_init: Compile time:     Sep  8 2026 13:19:42
I (211) app_init: ELF file SHA256:  aa93ad9da67f1e9d...
I (217) app_init: ESP-IDF:          v5.4-dirty
I (222) efuse_init: Min chip rev:     v0.0
I (227) efuse_init: Max chip rev:     v3.99 
I (232) efuse_init: Chip rev:         v3.1
I (237) heap_init: Initializing. RAM available for dynamic allocation:
I (244) heap_init: At 3FFAE6E0 len 00001920 (6 KiB): DRAM
I (250) heap_init: At 3FFB2C98 len 0002D368 (180 KiB): DRAM
I (256) heap_init: At 3FFE0440 len 00003AE0 (14 KiB): D/IRAM
I (263) heap_init: At 3FFE4350 len 0001BCB0 (111 KiB): D/IRAM
I (269) heap_init: At 4008CBCC len 00013434 (77 KiB): IRAM
I (277) spi_flash: detected chip: generic
I (280) spi_flash: flash io: dio
W (284) spi_flash: Detected size(4096k) larger than the size in the binary image header(2048k). Using the size in the binary image header.
I (298) main_task: Started on CPU0
I (308) main_task: Calling app_main()
I (308) gpio: GPIO[2]| InputEn: 0| OutputEn: 0| OpenDrain: 0| Pullup: 1| Pulldown: 0| Intr:0 
I (308) gpio: GPIO[4]| InputEn: 0| OutputEn: 0| OpenDrain: 0| Pullup: 1| Pulldown: 0| Intr:0 
I (318) gpio: GPIO[5]| InputEn: 0| OutputEn: 0| OpenDrain: 0| Pullup: 1| Pulldown: 0| Intr:0 
I (328) gpio: GPIO[12]| InputEn: 0| OutputEn: 0| OpenDrain: 0| Pullup: 1| Pulldown: 0| Intr:0 
I (338) gpio: GPIO[13]| InputEn: 0| OutputEn: 0| OpenDrain: 0| Pullup: 1| Pulldown: 0| Intr:0 
I (348) gpio: GPIO[14]| InputEn: 0| OutputEn: 0| OpenDrain: 0| Pullup: 1| Pulldown: 0| Intr:0 
I (358) gpio: GPIO[15]| InputEn: 0| OutputEn: 0| OpenDrain: 0| Pullup: 1| Pulldown: 0| Intr:0 
I (368) gpio: GPIO[16]| InputEn: 0| OutputEn: 0| OpenDrain: 0| Pullup: 1| Pulldown: 0| Intr:0 
I (378) gpio: GPIO[17]| InputEn: 0| OutputEn: 0| OpenDrain: 0| Pullup: 1| Pulldown: 0| Intr:0 
I (388) gpio: GPIO[18]| InputEn: 0| OutputEn: 0| OpenDrain: 0| Pullup: 1| Pulldown: 0| Intr:0 
I (398) gpio: GPIO[19]| InputEn: 0| OutputEn: 0| OpenDrain: 0| Pullup: 1| Pulldown: 0| Intr:0 
I (398) gpio: GPIO[21]| InputEn: 0| OutputEn: 0| OpenDrain: 0| Pullup: 1| Pulldown: 0| Intr:0 
I (408) gpio: GPIO[22]| InputEn: 0| OutputEn: 0| OpenDrain: 0| Pullup: 1| Pulldown: 0| Intr:0 
I (418) gpio: GPIO[23]| InputEn: 0| OutputEn: 0| OpenDrain: 0| Pullup: 1| Pulldown: 0| Intr:0 
I (428) gpio: GPIO[25]| InputEn: 0| OutputEn: 0| OpenDrain: 0| Pullup: 1| Pulldown: 0| Intr:0 
I (438) gpio: GPIO[26]| InputEn: 0| OutputEn: 0| OpenDrain: 0| Pullup: 1| Pulldown: 0| Intr:0 
I (448) gpio: GPIO[27]| InputEn: 0| OutputEn: 0| OpenDrain: 0| Pullup: 1| Pulldown: 0| Intr:0 
I (458) gpio: GPIO[32]| InputEn: 0| OutputEn: 0| OpenDrain: 0| Pullup: 1| Pulldown: 0| Intr:0 
I (468) gpio: GPIO[33]| InputEn: 0| OutputEn: 0| OpenDrain: 0| Pullup: 1| Pulldown: 0| Intr:0 
all pins -> 1
all pins -> 0
all pins -> 1
all pins -> 0
all pins -> 1
all pins -> 0
all pins -> 1
all pins -> 0
all pins -> 1
all pins -> 0
all pins -> 1
all pins -> 0
all pins -> 1
all pins -> 0
all pins -> 1
