esptool v5.3.1
Serial port /dev/serial/by-id/usb-Silicon_Labs_CP2102_USB_to_UART_Bridge_Controller_0001-if00-port0:
Connecting.....
Connected to ESP32 on /dev/serial/by-id/usb-Silicon_Labs_CP2102_USB_to_UART_Bridge_Controller_0001-if00-port0:
Chip type:          ESP32-D0WD-V3 (revision v3.1)
Features:           Wi-Fi, BT, Dual Core + LP Core, 240MHz, Vref calibration in eFuse, Coding Scheme None
Crystal frequency:  40MHz
MAC:                [redacted device address]

Uploading stub flasher...
Running stub flasher...
Stub flasher running.
Changing baud rate to 460800...
Changed.

Configuring flash size...
Flash will be erased from 0x00000000 to 0x003fffff...
Compressed 4194304 bytes to 1084802...
Wrote 4194304 bytes (1084802 compressed) at 0x00000000 in 31.4 seconds (1070.2 kbit/s).
Verifying written data...
Hash of data verified.

Hard resetting via RTS pin...
